D:\hhelpApp\src\main\java\com\hhelp\controller\ExpertController.java
D:\hhelpApp\src\main\java\com\hhelp\domain\Illness.java
D:\hhelpApp\src\main\java\com\hhelp\service\IConversationService.java
D:\hhelpApp\src\main\java\com\hhelp\service\IFormulaService.java
D:\hhelpApp\src\main\java\com\hhelp\mapper\SportMapper.java
D:\hhelpApp\src\main\java\com\hhelp\service\impl\FormulaServiceImpl.java
D:\hhelpApp\src\main\java\com\hhelp\domain\Food.java
D:\hhelpApp\src\main\java\com\hhelp\service\IBanService.java
D:\hhelpApp\src\main\java\com\hhelp\domain\Medicine.java
D:\hhelpApp\src\main\java\com\hhelp\controller\BanController.java
D:\hhelpApp\src\main\java\com\hhelp\mapper\FoodMapper.java
D:\hhelpApp\src\main\java\com\hhelp\service\IUserService.java
D:\hhelpApp\src\main\java\com\hhelp\domain\Conversation.java
D:\hhelpApp\src\main\java\com\hhelp\controller\UploadController.java
D:\hhelpApp\src\main\java\com\hhelp\controller\SportController.java
D:\hhelpApp\src\main\java\com\hhelp\mapper\AgendaMapper.java
D:\hhelpApp\src\main\java\com\hhelp\service\impl\UserServiceImpl.java
D:\hhelpApp\src\main\java\com\hhelp\service\impl\AgendaService.java
D:\hhelpApp\src\main\java\com\hhelp\anno\PassToken.java
D:\hhelpApp\src\main\java\com\hhelp\controller\AgendaController.java
D:\hhelpApp\src\main\java\com\hhelp\domain\Sport.java
D:\hhelpApp\src\main\java\com\hhelp\mapper\BanMapper.java
D:\hhelpApp\src\main\java\com\hhelp\service\IFoodService.java
D:\hhelpApp\src\main\java\com\hhelp\mapper\MedicineMapper.java
D:\hhelpApp\src\main\java\com\hhelp\service\impl\SportServiceImpl.java
D:\hhelpApp\src\main\java\com\hhelp\service\ISportService.java
D:\hhelpApp\src\main\java\com\hhelp\domain\Formula.java
D:\hhelpApp\src\main\java\com\hhelp\mapper\QuesRecordMapper.java
D:\hhelpApp\src\main\java\com\hhelp\controller\FormulaController.java
D:\hhelpApp\src\main\java\com\hhelp\domain\Ban.java
D:\hhelpApp\src\main\java\com\hhelp\HhelpApplication.java
D:\hhelpApp\src\main\java\com\hhelp\utils\Util.java
D:\hhelpApp\src\main\java\com\hhelp\controller\AuthenticationInterceptor.java
D:\hhelpApp\src\main\java\com\hhelp\controller\LoginController.java
D:\hhelpApp\src\main\java\com\hhelp\configuration\InterceptorConfig.java
D:\hhelpApp\src\main\java\com\hhelp\controller\FoodController.java
D:\hhelpApp\src\main\java\com\hhelp\service\IAgendaService.java
D:\hhelpApp\src\main\java\com\hhelp\service\impl\ConversationServiceImpl.java
D:\hhelpApp\src\main\java\com\hhelp\mapper\IllnessMapper.java
D:\hhelpApp\src\main\java\com\hhelp\service\impl\FoodServiceImpl.java
D:\hhelpApp\src\main\java\com\hhelp\domain\QuesRecord.java
D:\hhelpApp\src\main\java\com\hhelp\mapper\ConversationMapper.java
D:\hhelpApp\src\main\java\com\hhelp\service\impl\BanServiceImpl.java
D:\hhelpApp\src\main\java\com\hhelp\mapper\FormulaMapper.java
D:\hhelpApp\src\main\java\com\hhelp\controller\ConversationController.java
D:\hhelpApp\src\main\java\com\hhelp\controller\UrgentController.java
D:\hhelpApp\src\main\java\com\hhelp\service\IMedicineService.java
D:\hhelpApp\src\main\java\com\hhelp\service\impl\MedicineServiceImpl.java
D:\hhelpApp\src\main\java\com\hhelp\anno\LoginToken.java
D:\hhelpApp\src\main\java\com\hhelp\domain\Agenda.java
D:\hhelpApp\src\main\java\com\hhelp\mapper\UserMapper.java
D:\hhelpApp\src\main\java\com\hhelp\domain\User.java
