com\hhelp\service\IConversationService.class
com\hhelp\controller\AuthenticationInterceptor.class
com\hhelp\mapper\UserMapper.class
com\hhelp\anno\LoginToken.class
com\hhelp\controller\LoginController.class
com\hhelp\domain\Illness.class
com\hhelp\mapper\FoodMapper.class
com\hhelp\mapper\MedicineMapper.class
com\hhelp\domain\Agenda.class
com\hhelp\service\impl\SportServiceImpl.class
com\hhelp\service\ISportService.class
com\hhelp\HhelpApplication.class
com\hhelp\configuration\InterceptorConfig.class
com\hhelp\controller\BanController.class
com\hhelp\utils\Util.class
com\hhelp\domain\Conversation.class
com\hhelp\mapper\SportMapper.class
com\hhelp\service\impl\MedicineServiceImpl.class
com\hhelp\service\impl\BanServiceImpl.class
com\hhelp\service\impl\AgendaService.class
com\hhelp\mapper\QuesRecordMapper.class
com\hhelp\mapper\BanMapper.class
com\hhelp\controller\UrgentController.class
com\hhelp\service\impl\ConversationServiceImpl.class
com\hhelp\domain\Formula.class
com\hhelp\service\IBanService.class
com\hhelp\domain\User.class
com\hhelp\controller\ConversationController.class
com\hhelp\controller\ExpertController.class
com\hhelp\service\IMedicineService.class
com\hhelp\domain\Medicine.class
com\hhelp\service\IFoodService.class
com\hhelp\domain\Food.class
com\hhelp\anno\PassToken.class
com\hhelp\controller\UploadController.class
com\hhelp\service\impl\FormulaServiceImpl.class
com\hhelp\service\IUserService.class
com\hhelp\controller\AgendaController.class
com\hhelp\service\IFormulaService.class
com\hhelp\domain\Ban.class
com\hhelp\service\IAgendaService.class
com\hhelp\controller\SportController.class
com\hhelp\domain\QuesRecord.class
com\hhelp\controller\FoodController.class
com\hhelp\mapper\ConversationMapper.class
com\hhelp\mapper\FormulaMapper.class
com\hhelp\mapper\AgendaMapper.class
com\hhelp\controller\FormulaController.class
com\hhelp\service\impl\FoodServiceImpl.class
com\hhelp\domain\Sport.class
com\hhelp\service\impl\UserServiceImpl.class
com\hhelp\mapper\IllnessMapper.class
